-- Milestone 7: the executor.
-- Checked against executor.out by scripts/psql-smoke.sh.
create table customer (id int primary key, name text not null, city text);
CREATE TABLE
create table orders (id int primary key, customer_id int, total int not null);
CREATE TABLE
insert into customer values (1, 'Ana', 'Recife'), (2, 'Bia', 'Recife'), (3, 'Caio', 'Natal'), (4, 'Duda', 'Olinda');
INSERT 0 4
insert into orders values (10, 1, 50), (11, 1, 70), (12, 2, 20), (13, 3, 90), (14, null, 15), (15, 9, 35);
INSERT 0 6
-- Set operations.
select city from customer union select 'Caruaru' order by 1;
  city   
---------
 Caruaru
 Natal
 Olinda
 Recife
(4 rows)

select customer_id from orders intersect select id from customer order by 1;
 customer_id 
-------------
           1
           2
           3
(3 rows)

select id from customer except select customer_id from orders;
 id 
----
  4
(1 row)

select customer_id from orders where total > 30 union all select customer_id from orders where total < 60 order by 1 limit 4;
 customer_id 
-------------
           1
           1
           1
           2
(4 rows)

-- The joins that keep unmatched rows of the right side, or of both.
select o.id, c.name from orders o right join customer c on c.id = o.customer_id order by c.name, o.id;
 id | name 
----+------
 10 | Ana
 11 | Ana
 12 | Bia
 13 | Caio
    | Duda
(5 rows)

select o.id, c.name from orders o full join customer c on c.id = o.customer_id order by o.id, c.name;
 id | name 
----+------
 10 | Ana
 11 | Ana
 12 | Bia
 13 | Caio
 14 | 
 15 | 
    | Duda
(7 rows)

-- USING: the column appears once.
create table city (city text, state text);
CREATE TABLE
insert into city values ('Recife', 'PE'), ('Natal', 'RN'), ('Maceió', 'AL');
INSERT 0 3
select * from customer join city using (city) order by id;
  city  | id | name | state 
--------+----+------+-------
 Recife |  1 | Ana  | PE
 Recife |  2 | Bia  | PE
 Natal  |  3 | Caio | RN
(3 rows)

-- Enough rows for the choice of join to matter: 6 144 orders, 3 075 customers.
insert into orders select id + 100, customer_id + 4, total from orders;
INSERT 0 6
insert into orders select id + 200, customer_id + 8, total from orders;
INSERT 0 12
insert into orders select id + 400, customer_id + 16, total from orders;
INSERT 0 24
insert into orders select id + 800, customer_id + 32, total from orders;
INSERT 0 48
insert into orders select id + 1600, customer_id + 64, total from orders;
INSERT 0 96
insert into orders select id + 3200, customer_id + 128, total from orders;
INSERT 0 192
insert into orders select id + 6400, customer_id + 256, total from orders;
INSERT 0 384
insert into orders select id + 12800, customer_id + 512, total from orders;
INSERT 0 768
insert into orders select id + 25600, customer_id + 1024, total from orders;
INSERT 0 1536
insert into orders select id + 51200, customer_id + 2048, total from orders;
INSERT 0 3072
insert into customer select g.customer_id, 'Cliente ' || g.customer_id, 'Olinda'
from (select distinct customer_id from orders where customer_id > 4) g
where not exists (select 1 from customer c where c.id = g.customer_id);
INSERT 0 3071
analyze;
ANALYZE
-- No index on orders.customer_id: the customers are hashed and the orders
-- go past once.
explain (costs off) select count(*) from orders o join customer c on c.id = o.customer_id;
                QUERY PLAN                 
-------------------------------------------
 Aggregate
   ->  Hash Join
         Hash Cond: (c.id = o.customer_id)
         ->  Seq Scan on orders o
         ->  Hash
               ->  Seq Scan on customer c
(6 rows)

select count(*) from orders o join customer c on c.id = o.customer_id;
 count 
-------
  5120
(1 row)

-- Two tables joined on their primary keys are both already in key order:
-- a merge needs no hash table and no sort.
explain (costs off) select count(*) from orders o join customer c on c.id = o.id;
             QUERY PLAN             
------------------------------------
 Aggregate
   ->  Merge Join
         Merge Cond: (c.id = o.id)
         ->  Seq Scan on orders o
         ->  Seq Scan on customer c
(5 rows)

-- What each step did. The hash table fitted in memory; the sort kept only
-- the three rows it was going to return.
explain (analyze, costs off, timing off)
select c.name, o.total from orders o join customer c on c.id = o.customer_id
order by o.total desc, c.name limit 3;
                                QUERY PLAN                                 
---------------------------------------------------------------------------
 Limit (actual rows=3 loops=1)
   ->  Sort (actual rows=3 loops=1)
         Sort Key: o.total DESC, c.name
         Sort Method: top-N heapsort  Memory: 1kB
         ->  Hash Join (actual rows=5120 loops=1)
               Hash Cond: (c.id = o.customer_id)
               ->  Seq Scan on orders o (actual rows=6144 loops=1)
               ->  Hash (actual rows=3075 loops=1)
                     Batches: 1  Memory Usage: 606kB
                     ->  Seq Scan on customer c (actual rows=3075 loops=1)
(10 rows)

-- The same with almost no memory: the hash join is done in batches on disk
-- and the sort (now of everything) in runs that are merged.
set work_mem = '64kB';
SET
explain (analyze, costs off, timing off)
select c.name, o.total from orders o join customer c on c.id = o.customer_id
order by o.total desc, c.name;
                             QUERY PLAN                              
---------------------------------------------------------------------
 Sort (actual rows=5120 loops=1)
   Sort Key: o.total DESC, c.name
   Sort Method: external merge  Runs: 6
   ->  Hash Join (actual rows=5120 loops=1)
         Hash Cond: (c.id = o.customer_id)
         ->  Seq Scan on orders o (actual rows=6144 loops=1)
         ->  Hash (actual rows=3075 loops=1)
               Batches: 16  Memory Usage: 42kB
               ->  Seq Scan on customer c (actual rows=3075 loops=1)
(9 rows)

select c.name, o.total from orders o join customer c on c.id = o.customer_id
order by o.total desc, c.name limit 3;
     name     | total 
--------------+-------
 Caio         |    90
 Cliente 1003 |    90
 Cliente 1007 |    90
(3 rows)

set work_mem = '4MB';
SET
-- A query that wants three rows reads three rows.
explain (analyze, costs off, timing off) select id from orders limit 3;
                    QUERY PLAN                    
--------------------------------------------------
 Limit (actual rows=3 loops=1)
   ->  Seq Scan on orders (actual rows=3 loops=1)
(2 rows)

-- And the second half of a UNION ALL is not even started if the first half
-- was enough.
explain (analyze, costs off, timing off)
select id from orders union all select id from customer limit 3;
                       QUERY PLAN                       
--------------------------------------------------------
 Limit (actual rows=3 loops=1)
   ->  Append (actual rows=3 loops=1)
         ->  Seq Scan on orders (actual rows=3 loops=1)
         ->  Seq Scan on customer (never executed)
(4 rows)

drop table orders;
DROP TABLE
drop table customer;
DROP TABLE
drop table city;
DROP TABLE
