-- A psql session exercising the simple query protocol end to end.
-- scripts/psql-smoke.sh feeds this file to psql and compares the output
-- with expected.out.
select version();
                      version                       
----------------------------------------------------
 CapivaraDB 0.1.0 (PostgreSQL 16.0 wire-compatible)
(1 row)

create table capivaras (
    id      int primary key,
    name    text not null,
    weight  double precision,
    wild    boolean
);
CREATE TABLE
insert into capivaras values
    (1, 'Filó',    48.5, true),
    (2, 'Bolota',  61.0, false),
    (3, 'Pingo',   null, true);
INSERT 0 3
select * from capivaras;
 id |  name  | weight | wild 
----+--------+--------+------
  1 | Filó   |   48.5 | t
  2 | Bolota |     61 | f
  3 | Pingo  |        | t
(3 rows)

select name, weight * 2 as double_weight, weight is null as unknown_weight
from capivaras
where wild;
 name  | double_weight | unknown_weight 
-------+---------------+----------------
 Filó  |            97 | f
 Pingo |               | t
(2 rows)

-- Several statements in one message, as psql sends them with \;
select 1 as one \; select 'two' as two;
 one 
-----
   1
(1 row)

 two 
-----
 two
(1 row)

update capivaras set weight = 35.2 where name = 'Pingo';
UPDATE 1
delete from capivaras where not wild;
DELETE 1
select id, name, weight from capivaras;
 id | name  | weight 
----+-------+--------
  1 | Filó  |   48.5
  3 | Pingo |   35.2
(2 rows)

-- Transactions: the prompt-less psql still tracks the status byte.
begin;
BEGIN
insert into capivaras values (4, 'Temporária', 1, true);
INSERT 0 1
select name from capivaras where id = 4;
    name    
------------
 Temporária
(1 row)

rollback;
ROLLBACK
select name from capivaras where id = 4;
 name 
------
(0 rows)

-- Errors carry a position, which psql turns into a caret.
select nome from capivaras;
ERROR:  column "nome" does not exist
LINE 1: select nome from capivaras;
               ^
selec 1;
ERROR:  syntax error at or near "selec"
LINE 1: selec 1;
        ^
insert into capivaras values (1, 'Repetida', 1, true);
ERROR:  duplicate key value violates unique constraint "capivaras_pkey"
DETAIL:  Key (id)=(1) already exists.
select 1 / 0;
ERROR:  division by zero
-- A failed transaction refuses work until it is rolled back.
begin;
BEGIN
select 1 / 0;
ERROR:  division by zero
select 1;
ERROR:  current transaction is aborted, commands ignored until end of transaction block
commit;
ROLLBACK
show transaction isolation level;
 transaction_isolation 
-----------------------
 read uncommitted
(1 row)

