-- Milestone 2: the SQL the parser and the in-memory executor now handle.
-- Checked against queries.out by scripts/psql-smoke.sh.
create table dept (
    id    int primary key,
    name  text not null unique
);
CREATE TABLE
create table emp (
    id       int primary key,
    name     text not null,
    dept_id  int,
    salary   int default 50,
    boss     int
);
CREATE TABLE
insert into dept values (1, 'engenharia'), (2, 'operações'), (3, 'vazio');
INSERT 0 3
insert into emp values
    (1, 'Ana',   1, 100, null),
    (2, 'Bia',   1,  80, 1),
    (3, 'Caio',  2,  60, 1),
    (4, 'Duda',  2,  60, 3),
    (5, 'Enzo',  null, null, 1);
INSERT 0 5
insert into emp (id, name, dept_id) values (6, 'Fabi', 1);
INSERT 0 1
-- Joins: inner drops Enzo, left keeps the empty department.
select e.name, d.name as dept, b.name as boss
from emp e
join dept d on d.id = e.dept_id
left join emp b on b.id = e.boss
order by e.id;
 name |    dept    | boss 
------+------------+------
 Ana  | engenharia | 
 Bia  | engenharia | Ana
 Caio | operações  | Ana
 Duda | operações  | Caio
 Fabi | engenharia | 
(5 rows)

select d.name, count(e.id) as people, sum(e.salary) as payroll, avg(e.salary) as average
from dept d
left join emp e on e.dept_id = d.id
group by d.name
order by people desc, d.name;
    name    | people | payroll |      average      
------------+--------+---------+-------------------
 engenharia |      3 |     230 | 76.66666666666667
 operações  |      2 |     120 |                60
 vazio      |      0 |         |                  
(3 rows)

select dept_id, count(*) from emp group by dept_id having count(*) > 1 order by 1;
 dept_id | count 
---------+-------
       1 |     3
       2 |     2
(2 rows)

-- Subqueries: scalar, correlated, EXISTS, IN.
select name, salary from emp where salary = (select max(salary) from emp);
 name | salary 
------+--------
 Ana  |    100
(1 row)

select name from emp e where salary > (select avg(salary) from emp where dept_id = e.dept_id);
 name 
------
 Ana
 Bia
(2 rows)

select name from dept d where not exists (select 1 from emp e where e.dept_id = d.id);
 name  
-------
 vazio
(1 row)

select s.dept_id, s.total
from (select dept_id, sum(salary) as total from emp group by dept_id) s
where s.total > 150;
 dept_id | total 
---------+-------
       1 |   230
(1 row)

-- CASE, IN, BETWEEN, LIKE, DISTINCT, LIMIT.
select name,
       case when salary >= 100 then 'alto' when salary >= 70 then 'médio'
            when salary is null then '?' else 'baixo' end as faixa
from emp
order by salary desc nulls last, name
limit 4;
 name | faixa 
------+-------
 Ana  | alto
 Bia  | médio
 Caio | baixo
 Duda | baixo
(4 rows)

select distinct salary from emp where salary between 50 and 90 order by salary;
 salary 
--------
     50
     60
     80
(3 rows)

select name from emp where name like '%a' and dept_id in (1, 2) order by name offset 1;
 name 
------
 Bia
 Duda
(2 rows)

-- Constraints with their PostgreSQL names.
insert into dept values (4, 'vazio');
ERROR:  duplicate key value violates unique constraint "dept_name_key"
DETAIL:  Key (name)=(vazio) already exists.
create unique index emp_name on emp (name);
CREATE INDEX
insert into emp values (7, 'Ana', 1, 1, null);
ERROR:  duplicate key value violates unique constraint "emp_name"
DETAIL:  Key (name)=(Ana) already exists.
-- Errors that only a real binder can give.
select name, count(*) from emp;
ERROR:  column "name" must appear in the GROUP BY clause or be used in an aggregate function
LINE 1: select name, count(*) from emp;
               ^
select id from emp join dept on emp.dept_id = dept.id;
ERROR:  column reference "id" is ambiguous
LINE 1: select id from emp join dept on emp.dept_id = dept.id;
               ^
select * from emp where salary = (select salary from emp);
ERROR:  more than one row returned by a subquery used as an expression
